[?25l[?2004hâ•­â”€â”€â”€â”€â”€â”€â”€â”€â”€â”€â”€â”€â”€â”€â”€â”€â”€â”€â•®â•­â”€â”€â”€â”€â”€â”€â”€â”€â”€â”€â”€â”€â”€â”€â”€â”€â”€â”€â•®â•­â”€â”€â”€â”€â”€â”€â”€â”€â”€â”€â”€â”€â”€â”€â”€â”€â”€â”€â•®â•­â”€â”€â”€â”€â”€â”€â”€â”€â”€â”€â”€â”€â”€â”€â”€â”€â”€â”€â•®
â”‚      table       â”‚â”‚       help       â”‚â”‚     download     â”‚â”‚     schedule     â”‚
â””â”€â”€â”€â”€â”€â”€â”€â”€â”€â”€â”€â”€â”€â”€â”€â”€â”€â”€â”´â”´â”€â”€â”€â”€â”€â”€â”€â”€â”€â”€â”€â”€â”€â”€â”€â”€â”€â”€â”´â”´â”€â”€â”€â”€â”€â”€â”€â”€â”€â”€â”€â”€â”€â”€â”€â”€â”€â”€â”´â”˜                  â•µ
                                                                                
                                                                                
                                                                                
                                                                                
                                                                                
                                                                                
                                                                                
                                                                                
                                                                                
                                                                                
                                                                                
           Schedule this search to be rerun at consistent intervals.            
                                    Query:                                      
                                                                                
                            >Frequency: * * * * *                               
                                  Name:                                         
                           Description:                                         
                                                                                
                                     â•­â”€â”€â”€â”€â”€â”€â•®                                   
                                     â”‚submitâ”‚                                   
                                     â•°â”€â”€â”€â”€â”€â”€â•¯                                   
                                                                                
                                                                                
                                                                                
                                                                                
                                                                                
                                                                                
                                                                                
                                                                                
                                                                                
                                                                                
                                                                                
                                                                                
                                                                                
                                                                                
                                                                                
                                                                                
                                                                                
                                                                                
                                                                                
                                                                                
                                                                                
                                                                                
                                                                                
                                                                                
                                                                                
                                                                                [80D[49A
















                            >Frequency: 1 1 1 1                                 































[80D[49A
















                            >Frequency: 1 1 1 1 1                               































[80D[49A
















                             Frequency: 1 1 1 1 1                               
                                 >Name:                                         






























[80D[49A

















                                 >Name: namet                                   






























[80D[49A

















                                  Name: namet                                   
                          >Description:                                         





























[80D[49A


















                          >Description: desc                                    





























[80D[49A


















                          >Description: desct                                   





























[80D[49A


















                           Description: desct                                   


                                    >â”‚submitâ”‚                                   


























[80D[2K[?2004l[?25h[?1002l[?1003l[?1006l