[?25l[?2004hâ•­â”€â”€â”€â”€â”€â”€â”€â”€â”€â”€â”€â”€â”€â”€â”€â”€â”€â”€â•®â•­â”€â”€â”€â”€â”€â”€â”€â”€â”€â”€â”€â”€â”€â”€â”€â”€â”€â”€â•®â•­â”€â”€â”€â”€â”€â”€â”€â”€â”€â”€â”€â”€â”€â”€â”€â”€â”€â”€â•®â•­â”€â”€â”€â”€â”€â”€â”€â”€â”€â”€â”€â”€â”€â”€â”€â”€â”€â”€â•®
â”‚      table       â”‚â”‚       help       â”‚â”‚     download     â”‚â”‚     schedule     â”‚
â””â”€â”€â”€â”€â”€â”€â”€â”€â”€â”€â”€â”€â”€â”€â”€â”€â”€â”€â”´â”´â”€â”€â”€â”€â”€â”€â”€â”€â”€â”€â”€â”€â”€â”€â”€â”€â”€â”€â”´â”´â”€â”€â”€â”€â”€â”€â”€â”€â”€â”€â”€â”€â”€â”€â”€â”€â”€â”€â”´â”˜                  â•µ
                                                                                
                                                                                
                                                                                
                                                                                
                                                                                
                                                                                
                                                                                
                                                                                
                                                                                
                                                                                
                                                                                
           Schedule this search to be rerun at consistent intervals.            
                                    Query:                                      
                                                                                
                            >Frequency: * * * * *                               
                                  Name:                                         
                           Description:                                         
                                                                                
                                     â•­â”€â”€â”€â”€â”€â”€â•®                                   
                                     â”‚submitâ”‚                                   
                                     â•°â”€â”€â”€â”€â”€â”€â•¯                                   
                                                                                
                                                                                
                                                                                
                                                                                
                                                                                
                                                                                
                                                                                
                                                                                
                                                                                
                                                                                
                                                                                
                                                                                
                                                                                
                                                                                
                                                                                
                                                                                
                                                                                
                                                                                
                                                                                
                                                                                
                                                                                
                                                                                
                                                                                
                                                                                
                                                                                
                                                                                [80D[49A

â””â”€â”€â”€â”€â”€â”€â”€â”€â”€â”€â”€â”€â”€â”€â”€â”€â”€â”€â”´â”´â”€â”€â”€â”€â”€â”€â”€â”€â”€â”€â”€â”€â”€â”€â”€â”€â”€â”€â”´â”˜                  â””â”´â”€â”€â”€â”€â”€â”€â”€â”€â”€â”€â”€â”€â”€â”€â”€â”€â”€â”€â”˜









 Download all data in your preferred format or cherry-pick specific records by  
                                  their index.                                  
                                                                                
                          >Output Path:                                         
                                Append? [ ]                                     
                                     Format                                     
                                   JSON ( )                                     
                                    CSV ( )                                     
                                    raw (âœ“)                                     
                                                                                
                        Record Numbers: (optional)                              
                   Enter a comma-seperated list of records to                   
                          download just those records,                          
                           instead of the whole file.                           

                                     â•­â”€â”€â”€â”€â”€â”€â•®                                   
                                     â”‚submitâ”‚                                   
                                     â•°â”€â”€â”€â”€â”€â”€â•¯                                   



















[80D[2K[?2004l[?25h[?1002l[?1003l[?1006l